line 0: width=61.8240 height=14.4000 spaceW=3.3360 isLast=true align=0 spaceBefore=0.0000
  word 0: "Hello" w=27.3360 spaceAfter=3.3360 fontSize=12.0000 break=false embedded=false
  word 1: "World" w=31.1520 spaceAfter=3.3360 fontSize=12.0000 break=false embedded=false
minWidth=31.1520 maxWidth=65.1600 measureHeight(W)=14.4000 lines(W)=1
